Sync Beads and Validate	Set up job	ï»¿2026-02-15T15:34:15.3541433Z Current runner version: '2.331.0'
Sync Beads and Validate	Set up job	2026-02-15T15:34:15.3565376Z ##[group]Runner Image Provisioner
Sync Beads and Validate	Set up job	2026-02-15T15:34:15.3566239Z Hosted Compute Agent
Sync Beads and Validate	Set up job	2026-02-15T15:34:15.3566730Z Version: 20260123.484
Sync Beads and Validate	Set up job	2026-02-15T15:34:15.3567318Z Commit: 6bd6555ca37d84114959e1c76d2c01448ff61c5d
Sync Beads and Validate	Set up job	2026-02-15T15:34:15.3567948Z Build Date: 2026-01-23T19:41:17Z
Sync Beads and Validate	Set up job	2026-02-15T15:34:15.3568521Z Worker ID: {ec4eaaec-9daa-498b-afc1-37418cfc1495}
Sync Beads and Validate	Set up job	2026-02-15T15:34:15.3569216Z Azure Region: westcentralus
Sync Beads and Validate	Set up job	2026-02-15T15:34:15.3569737Z ##[endgroup]
Sync Beads and Validate	Set up job	2026-02-15T15:34:15.3571039Z ##[group]Operating System
Sync Beads and Validate	Set up job	2026-02-15T15:34:15.3571622Z Ubuntu
Sync Beads and Validate	Set up job	2026-02-15T15:34:15.3572210Z 24.04.3
Sync Beads and Validate	Set up job	2026-02-15T15:34:15.3572631Z LTS
Sync Beads and Validate	Set up job	2026-02-15T15:34:15.3573069Z ##[endgroup]
Sync Beads and Validate	Set up job	2026-02-15T15:34:15.3573531Z ##[group]Runner Image
Sync Beads and Validate	Set up job	2026-02-15T15:34:15.3574007Z Image: ubuntu-24.04
Sync Beads and Validate	Set up job	2026-02-15T15:34:15.3574486Z Version: 20260209.23.1
Sync Beads and Validate	Set up job	2026-02-15T15:34:15.3575384Z Included Software: https://github.com/actions/runner-images/blob/ubuntu24/20260209.23/images/ubuntu/Ubuntu2404-Readme.md
Sync Beads and Validate	Set up job	2026-02-15T15:34:15.3576857Z Image Release: https://github.com/actions/runner-images/releases/tag/ubuntu24%2F20260209.23
Sync Beads and Validate	Set up job	2026-02-15T15:34:15.3577621Z ##[endgroup]
Sync Beads and Validate	Set up job	2026-02-15T15:34:15.3578500Z ##[group]GITHUB_TOKEN Permissions
Sync Beads and Validate	Set up job	2026-02-15T15:34:15.3580460Z Contents: write
Sync Beads and Validate	Set up job	2026-02-15T15:34:15.3580963Z Metadata: read
Sync Beads and Validate	Set up job	2026-02-15T15:34:15.3581397Z ##[endgroup]
Sync Beads and Validate	Set up job	2026-02-15T15:34:15.3583711Z Secret source: Actions
Sync Beads and Validate	Set up job	2026-02-15T15:34:15.3584304Z Prepare workflow directory
Sync Beads and Validate	Set up job	2026-02-15T15:34:15.3898040Z Prepare all required actions
Sync Beads and Validate	Set up job	2026-02-15T15:34:15.3935859Z Getting action download info
Sync Beads and Validate	Set up job	2026-02-15T15:34:15.7515648Z Download action repository 'actions/checkout@v4' (SHA:34e114876b0b11c390a56381ad16ebd13914f8d5)
Sync Beads and Validate	Set up job	2026-02-15T15:34:15.8754798Z Download action repository 'astral-sh/setup-uv@v5' (SHA:d4b2f3b6ecc6e67c4457f6d3e41ec42d3d0fcb86)
Sync Beads and Validate	Set up job	2026-02-15T15:34:16.5565112Z Download action repository 'actions/github-script@v7' (SHA:f28e40c7f34bde8b3046d885e986cb6290c5673b)
Sync Beads and Validate	Set up job	2026-02-15T15:34:17.2173157Z Complete job name: Sync Beads and Validate
Sync Beads and Validate	Checkout code	ï»¿2026-02-15T15:34:17.2873286Z ##[group]Run actions/checkout@v4
Sync Beads and Validate	Checkout code	2026-02-15T15:34:17.2874334Z with:
Sync Beads and Validate	Checkout code	2026-02-15T15:34:17.2874823Z   fetch-depth: 0
Sync Beads and Validate	Checkout code	2026-02-15T15:34:17.2875371Z   repository: marcdhansen/agent-harness
Sync Beads and Validate	Checkout code	2026-02-15T15:34:17.2876201Z   token: ***
Sync Beads and Validate	Checkout code	2026-02-15T15:34:17.2876742Z   ssh-strict: true
Sync Beads and Validate	Checkout code	2026-02-15T15:34:17.2877249Z   ssh-user: git
Sync Beads and Validate	Checkout code	2026-02-15T15:34:17.2877712Z   persist-credentials: true
Sync Beads and Validate	Checkout code	2026-02-15T15:34:17.2878320Z   clean: true
Sync Beads and Validate	Checkout code	2026-02-15T15:34:17.2878802Z   sparse-checkout-cone-mode: true
Sync Beads and Validate	Checkout code	2026-02-15T15:34:17.2879418Z   fetch-tags: false
Sync Beads and Validate	Checkout code	2026-02-15T15:34:17.2879930Z   show-progress: true
Sync Beads and Validate	Checkout code	2026-02-15T15:34:17.2880459Z   lfs: false
Sync Beads and Validate	Checkout code	2026-02-15T15:34:17.2880915Z   submodules: false
Sync Beads and Validate	Checkout code	2026-02-15T15:34:17.3008711Z   set-safe-directory: true
Sync Beads and Validate	Checkout code	2026-02-15T15:34:17.3010339Z ##[endgroup]
Sync Beads and Validate	Checkout code	2026-02-15T15:34:17.4027845Z Syncing repository: marcdhansen/agent-harness
Sync Beads and Validate	Checkout code	2026-02-15T15:34:17.4029650Z ##[group]Getting Git version info
Sync Beads and Validate	Checkout code	2026-02-15T15:34:17.4030436Z Working directory is '/home/runner/work/agent-harness/agent-harness'
Sync Beads and Validate	Checkout code	2026-02-15T15:34:17.4031578Z [command]/usr/bin/git version
Sync Beads and Validate	Checkout code	2026-02-15T15:34:17.4059128Z git version 2.52.0
Sync Beads and Validate	Checkout code	2026-02-15T15:34:17.4094002Z ##[endgroup]
Sync Beads and Validate	Checkout code	2026-02-15T15:34:17.4119723Z Temporarily overriding HOME='/home/runner/work/_temp/3219d4ed-9037-484e-a2f4-79d8ca188155' before making global git config changes
Sync Beads and Validate	Checkout code	2026-02-15T15:34:17.4121662Z Adding repository directory to the temporary git global config as a safe directory
Sync Beads and Validate	Checkout code	2026-02-15T15:34:17.4126714Z [command]/usr/bin/git config --global --add safe.directory /home/runner/work/agent-harness/agent-harness
Sync Beads and Validate	Checkout code	2026-02-15T15:34:17.4169421Z Deleting the contents of '/home/runner/work/agent-harness/agent-harness'
Sync Beads and Validate	Checkout code	2026-02-15T15:34:17.4173084Z ##[group]Initializing the repository
Sync Beads and Validate	Checkout code	2026-02-15T15:34:17.4178695Z [command]/usr/bin/git init /home/runner/work/agent-harness/agent-harness
Sync Beads and Validate	Checkout code	2026-02-15T15:34:17.4260896Z hint: Using 'master' as the name for the initial branch. This default branch name
Sync Beads and Validate	Checkout code	2026-02-15T15:34:17.4263192Z hint: will change to "main" in Git 3.0. To configure the initial branch name
Sync Beads and Validate	Checkout code	2026-02-15T15:34:17.4265552Z hint: to use in all of your new repositories, which will suppress this warning,
Sync Beads and Validate	Checkout code	2026-02-15T15:34:17.4267252Z hint: call:
Sync Beads and Validate	Checkout code	2026-02-15T15:34:17.4268162Z hint:
Sync Beads and Validate	Checkout code	2026-02-15T15:34:17.4269252Z hint: 	git config --global init.defaultBranch <name>
Sync Beads and Validate	Checkout code	2026-02-15T15:34:17.4270534Z hint:
Sync Beads and Validate	Checkout code	2026-02-15T15:34:17.4271717Z hint: Names commonly chosen instead of 'master' are 'main', 'trunk' and
Sync Beads and Validate	Checkout code	2026-02-15T15:34:17.4273788Z hint: 'development'. The just-created branch can be renamed via this command:
Sync Beads and Validate	Checkout code	2026-02-15T15:34:17.4275378Z hint:
Sync Beads and Validate	Checkout code	2026-02-15T15:34:17.4276263Z hint: 	git branch -m <name>
Sync Beads and Validate	Checkout code	2026-02-15T15:34:17.4277324Z hint:
Sync Beads and Validate	Checkout code	2026-02-15T15:34:17.4278645Z hint: Disable this message with "git config set advice.defaultBranchName false"
Sync Beads and Validate	Checkout code	2026-02-15T15:34:17.4280914Z Initialized empty Git repository in /home/runner/work/agent-harness/agent-harness/.git/
Sync Beads and Validate	Checkout code	2026-02-15T15:34:17.4284768Z [command]/usr/bin/git remote add origin https://github.com/marcdhansen/agent-harness
Sync Beads and Validate	Checkout code	2026-02-15T15:34:17.4310167Z ##[endgroup]
Sync Beads and Validate	Checkout code	2026-02-15T15:34:17.4315844Z ##[group]Disabling automatic garbage collection
Sync Beads and Validate	Checkout code	2026-02-15T15:34:17.4317344Z [command]/usr/bin/git config --local gc.auto 0
Sync Beads and Validate	Checkout code	2026-02-15T15:34:17.4341218Z ##[endgroup]
Sync Beads and Validate	Checkout code	2026-02-15T15:34:17.4342979Z ##[group]Setting up auth
Sync Beads and Validate	Checkout code	2026-02-15T15:34:17.4348492Z [command]/usr/bin/git config --local --name-only --get-regexp core\.sshCommand
Sync Beads and Validate	Checkout code	2026-02-15T15:34:17.4377298Z [command]/usr/bin/git submodule foreach --recursive sh -c "git config --local --name-only --get-regexp 'core\.sshCommand' && git config --local --unset-all 'core.sshCommand' || :"
Sync Beads and Validate	Checkout code	2026-02-15T15:34:17.4656354Z [command]/usr/bin/git config --local --name-only --get-regexp http\.https\:\/\/github\.com\/\.extraheader
Sync Beads and Validate	Checkout code	2026-02-15T15:34:17.4682896Z [command]/usr/bin/git submodule foreach --recursive sh -c "git config --local --name-only --get-regexp 'http\.https\:\/\/github\.com\/\.extraheader' && git config --local --unset-all 'http.https://github.com/.extraheader' || :"
Sync Beads and Validate	Checkout code	2026-02-15T15:34:17.4853399Z [command]/usr/bin/git config --local --name-only --get-regexp ^includeIf\.gitdir:
Sync Beads and Validate	Checkout code	2026-02-15T15:34:17.4882292Z [command]/usr/bin/git submodule foreach --recursive git config --local --show-origin --name-only --get-regexp remote.origin.url
Sync Beads and Validate	Checkout code	2026-02-15T15:34:17.5061205Z [command]/usr/bin/git config --local http.https://github.com/.extraheader AUTHORIZATION: basic ***
Sync Beads and Validate	Checkout code	2026-02-15T15:34:17.5091514Z ##[endgroup]
Sync Beads and Validate	Checkout code	2026-02-15T15:34:17.5093436Z ##[group]Fetching the repository
Sync Beads and Validate	Checkout code	2026-02-15T15:34:17.5100862Z [command]/usr/bin/git -c protocol.version=2 fetch --prune --no-recurse-submodules origin +refs/heads/*:refs/remotes/origin/* +refs/tags/*:refs/tags/*
Sync Beads and Validate	Checkout code	2026-02-15T15:34:18.2229573Z From https://github.com/marcdhansen/agent-harness
Sync Beads and Validate	Checkout code	2026-02-15T15:34:18.2233361Z  * [new branch]      agent-harness/agent-gbv.13 -> origin/agent-harness/agent-gbv.13
Sync Beads and Validate	Checkout code	2026-02-15T15:34:18.2235805Z  * [new branch]      agent-harness/agent-harness-50r-pr-sync -> origin/agent-harness/agent-harness-50r-pr-sync
Sync Beads and Validate	Checkout code	2026-02-15T15:34:18.2238643Z  * [new branch]      agent-harness/agent-harness-dlk-harden-init -> origin/agent-harness/agent-harness-dlk-harden-init
Sync Beads and Validate	Checkout code	2026-02-15T15:34:18.2241672Z  * [new branch]      agent/agent-2zl-flexible-project-ids -> origin/agent/agent-2zl-flexible-project-ids
Sync Beads and Validate	Checkout code	2026-02-15T15:34:18.2244242Z  * [new branch]      agent/agent-harness-1wj -> origin/agent/agent-harness-1wj
Sync Beads and Validate	Checkout code	2026-02-15T15:34:18.2246108Z  * [new branch]      agent/agent-harness-2rn -> origin/agent/agent-harness-2rn
Sync Beads and Validate	Checkout code	2026-02-15T15:34:18.2247978Z  * [new branch]      agent/agent-harness-3fd -> origin/agent/agent-harness-3fd
Sync Beads and Validate	Checkout code	2026-02-15T15:34:18.2249869Z  * [new branch]      agent/agent-harness-4cq -> origin/agent/agent-harness-4cq
Sync Beads and Validate	Checkout code	2026-02-15T15:34:18.2251871Z  * [new branch]      agent/agent-harness-4nb -> origin/agent/agent-harness-4nb
Sync Beads and Validate	Checkout code	2026-02-15T15:34:18.2253722Z  * [new branch]      agent/agent-harness-6qg -> origin/agent/agent-harness-6qg
Sync Beads and Validate	Checkout code	2026-02-15T15:34:18.2255561Z  * [new branch]      agent/agent-harness-iiy -> origin/agent/agent-harness-iiy
Sync Beads and Validate	Checkout code	2026-02-15T15:34:18.2257408Z  * [new branch]      agent/agent-harness-ua6 -> origin/agent/agent-harness-ua6
Sync Beads and Validate	Checkout code	2026-02-15T15:34:18.2259523Z  * [new branch]      agent/agent-harness-v0o -> origin/agent/agent-harness-v0o
Sync Beads and Validate	Checkout code	2026-02-15T15:34:18.2261441Z  * [new branch]      agent/agent-harness-zwg -> origin/agent/agent-harness-zwg
Sync Beads and Validate	Checkout code	2026-02-15T15:34:18.2264148Z  * [new branch]      agent/gemini/task-agent-harness-qzo -> origin/agent/gemini/task-agent-harness-qzo
Sync Beads and Validate	Checkout code	2026-02-15T15:34:18.2267674Z  * [new branch]      agent/marchansen/task-agent-harness-kxh -> origin/agent/marchansen/task-agent-harness-kxh
Sync Beads and Validate	Checkout code	2026-02-15T15:34:18.2271067Z  * [new branch]      agent/sop-pr-review-8ze -> origin/agent/sop-pr-review-8ze
Sync Beads and Validate	Checkout code	2026-02-15T15:34:18.2273189Z  * [new branch]      beads-metadata          -> origin/beads-metadata
Sync Beads and Validate	Checkout code	2026-02-15T15:34:18.2276998Z  * [new branch]      feature/agent-harness-7sy-sop-infrastructure-enforcement -> origin/feature/agent-harness-7sy-sop-infrastructure-enforcement
Sync Beads and Validate	Checkout code	2026-02-15T15:34:18.2281659Z  * [new branch]      feature/agent-harness-81e-retrospective-refactoring-id -> origin/feature/agent-harness-81e-retrospective-refactoring-id
Sync Beads and Validate	Checkout code	2026-02-15T15:34:18.2286257Z  * [new branch]      feature/agent-harness-g2h-modularize-orchestrator -> origin/feature/agent-harness-g2h-modularize-orchestrator
Sync Beads and Validate	Checkout code	2026-02-15T15:34:18.2289025Z  * [new branch]      main                    -> origin/main
Sync Beads and Validate	Checkout code	2026-02-15T15:34:18.2291030Z  * [new branch]      task/agent-gbv.11-local-ci-simulation -> origin/task/agent-gbv.11-local-ci-simulation
Sync Beads and Validate	Checkout code	2026-02-15T15:34:18.2294680Z [command]/usr/bin/git branch --list --remote origin/main
Sync Beads and Validate	Checkout code	2026-02-15T15:34:18.2305425Z   origin/main
Sync Beads and Validate	Checkout code	2026-02-15T15:34:18.2312939Z [command]/usr/bin/git rev-parse refs/remotes/origin/main
Sync Beads and Validate	Checkout code	2026-02-15T15:34:18.2330382Z a61cbfc5a3796499e5a8f30c8e7b23d8d5c8e5c5
Sync Beads and Validate	Checkout code	2026-02-15T15:34:18.2334993Z ##[endgroup]
Sync Beads and Validate	Checkout code	2026-02-15T15:34:18.2336485Z ##[group]Determining the checkout info
Sync Beads and Validate	Checkout code	2026-02-15T15:34:18.2338409Z ##[endgroup]
Sync Beads and Validate	Checkout code	2026-02-15T15:34:18.2339373Z [command]/usr/bin/git sparse-checkout disable
Sync Beads and Validate	Checkout code	2026-02-15T15:34:18.2370772Z [command]/usr/bin/git config --local --unset-all extensions.worktreeConfig
Sync Beads and Validate	Checkout code	2026-02-15T15:34:18.2392234Z ##[group]Checking out the ref
Sync Beads and Validate	Checkout code	2026-02-15T15:34:18.2395109Z [command]/usr/bin/git checkout --progress --force -B main refs/remotes/origin/main
Sync Beads and Validate	Checkout code	2026-02-15T15:34:18.2537572Z Switched to a new branch 'main'
Sync Beads and Validate	Checkout code	2026-02-15T15:34:18.2539370Z branch 'main' set up to track 'origin/main'.
Sync Beads and Validate	Checkout code	2026-02-15T15:34:18.2545532Z ##[endgroup]
Sync Beads and Validate	Checkout code	2026-02-15T15:34:18.2571697Z [command]/usr/bin/git log -1 --format=%H
Sync Beads and Validate	Checkout code	2026-02-15T15:34:18.2591517Z a61cbfc5a3796499e5a8f30c8e7b23d8d5c8e5c5
Sync Beads and Validate	Install uv	ï»¿2026-02-15T15:34:18.2862130Z ##[group]Run astral-sh/setup-uv@v5
Sync Beads and Validate	Install uv	2026-02-15T15:34:18.2863075Z with:
Sync Beads and Validate	Install uv	2026-02-15T15:34:18.2863704Z   enable-cache: true
Sync Beads and Validate	Install uv	2026-02-15T15:34:18.2864441Z   python-version: 3.11
Sync Beads and Validate	Install uv	2026-02-15T15:34:18.2865574Z   github-token: ***
Sync Beads and Validate	Install uv	2026-02-15T15:34:18.2866509Z   cache-dependency-glob: **/uv.lock
Sync Beads and Validate	Install uv	**/requirements*.txt
Sync Beads and Validate	Install uv	
Sync Beads and Validate	Install uv	2026-02-15T15:34:18.2867684Z   prune-cache: true
Sync Beads and Validate	Install uv	2026-02-15T15:34:18.2868439Z   ignore-nothing-to-cache: false
Sync Beads and Validate	Install uv	2026-02-15T15:34:18.2869365Z   ignore-empty-workdir: false
Sync Beads and Validate	Install uv	2026-02-15T15:34:18.2870192Z ##[endgroup]
Sync Beads and Validate	Install uv	2026-02-15T15:34:18.8639159Z Downloading uv from "https://github.com/astral-sh/uv/releases/download/0.10.2/uv-x86_64-unknown-linux-gnu.tar.gz" ...
Sync Beads and Validate	Install uv	2026-02-15T15:34:19.3976832Z [command]/usr/bin/tar xz --warning=no-unknown-keyword --overwrite -C /home/runner/work/_temp/124e0bbb-b1a1-4da6-b078-cb2d71636a0d -f /home/runner/work/_temp/24fd42f1-8133-4159-ab6f-39bd4d066540
Sync Beads and Validate	Install uv	2026-02-15T15:34:19.8199615Z Added /home/runner/.local/bin to the path
Sync Beads and Validate	Install uv	2026-02-15T15:34:19.8203834Z Added /opt/hostedtoolcache/uv/0.10.2/x86_64 to the path
Sync Beads and Validate	Install uv	2026-02-15T15:34:19.8204544Z Set UV_PYTHON to 3.11
Sync Beads and Validate	Install uv	2026-02-15T15:34:19.8204890Z Activating python venv...
Sync Beads and Validate	Install uv	2026-02-15T15:34:21.0053789Z Set UV_CACHE_DIR to /home/runner/work/_temp/setup-uv-cache
Sync Beads and Validate	Install uv	2026-02-15T15:34:21.0054298Z Successfully installed uv version 0.10.2
Sync Beads and Validate	Install uv	2026-02-15T15:34:21.0054752Z Searching files using cache dependency glob: **/uv.lock,**/requirements*.txt
Sync Beads and Validate	Install uv	2026-02-15T15:34:21.0352396Z /home/runner/work/agent-harness/agent-harness/uv.lock
Sync Beads and Validate	Install uv	2026-02-15T15:34:21.0378332Z Found 1 files to hash.
Sync Beads and Validate	Install uv	2026-02-15T15:34:21.0428930Z Trying to restore uv cache from GitHub Actions cache with key: setup-uv-1-x86_64-unknown-linux-gnu-3.11-3ecf8a408624c7ca9f0065706024ee7d56838179c7b902ea4ee42f0a934dedee
Sync Beads and Validate	Install uv	2026-02-15T15:34:21.2327498Z No GitHub Actions cache found for key: setup-uv-1-x86_64-unknown-linux-gnu-3.11-3ecf8a408624c7ca9f0065706024ee7d56838179c7b902ea4ee42f0a934dedee
Sync Beads and Validate	Install dependencies	ï»¿2026-02-15T15:34:21.2430276Z ##[group]Run uv sync --all-extras --dev
Sync Beads and Validate	Install dependencies	2026-02-15T15:34:21.2430704Z [36;1muv sync --all-extras --dev[0m
Sync Beads and Validate	Install dependencies	2026-02-15T15:34:21.2431043Z [36;1muv pip install bandit[0m
Sync Beads and Validate	Install dependencies	2026-02-15T15:34:21.2466369Z shell: /usr/bin/bash -e {0}
Sync Beads and Validate	Install dependencies	2026-02-15T15:34:21.2466647Z env:
Sync Beads and Validate	Install dependencies	2026-02-15T15:34:21.2466831Z   UV_PYTHON: 3.11
Sync Beads and Validate	Install dependencies	2026-02-15T15:34:21.2467108Z   VIRTUAL_ENV: /home/runner/work/agent-harness/agent-harness/.venv
Sync Beads and Validate	Install dependencies	2026-02-15T15:34:21.2467483Z   UV_CACHE_DIR: /home/runner/work/_temp/setup-uv-cache
Sync Beads and Validate	Install dependencies	2026-02-15T15:34:21.2467788Z ##[endgroup]
Sync Beads and Validate	Install dependencies	2026-02-15T15:34:21.3813423Z Resolved 58 packages in 0.70ms
Sync Beads and Validate	Install dependencies	2026-02-15T15:34:21.3932496Z    Building agent-harness @ file:///home/runner/work/agent-harness/agent-harness
Sync Beads and Validate	Install dependencies	2026-02-15T15:34:21.4868852Z Downloading ruff (10.6MiB)
Sync Beads and Validate	Install dependencies	2026-02-15T15:34:21.4893326Z Downloading virtualenv (5.7MiB)
Sync Beads and Validate	Install dependencies	2026-02-15T15:34:21.4896800Z Downloading pydantic-core (2.0MiB)
Sync Beads and Validate	Install dependencies	2026-02-15T15:34:21.4906526Z Downloading zstandard (5.3MiB)
Sync Beads and Validate	Install dependencies	2026-02-15T15:34:21.4911575Z Downloading pygments (1.2MiB)
Sync Beads and Validate	Install dependencies	2026-02-15T15:34:21.7052316Z  Downloaded pydantic-core
Sync Beads and Validate	Install dependencies	2026-02-15T15:34:21.8260504Z  Downloaded zstandard
Sync Beads and Validate	Install dependencies	2026-02-15T15:34:21.8319876Z  Downloaded virtualenv
Sync Beads and Validate	Install dependencies	2026-02-15T15:34:21.8766737Z  Downloaded ruff
Sync Beads and Validate	Install dependencies	2026-02-15T15:34:21.8817662Z  Downloaded pygments
Sync Beads and Validate	Install dependencies	2026-02-15T15:34:22.3104092Z       Built agent-harness @ file:///home/runner/work/agent-harness/agent-harness
Sync Beads and Validate	Install dependencies	2026-02-15T15:34:22.3111536Z Prepared 54 packages in 928ms
Sync Beads and Validate	Install dependencies	2026-02-15T15:34:22.3348638Z Installed 54 packages in 23ms
Sync Beads and Validate	Install dependencies	2026-02-15T15:34:22.3349392Z  + agent-harness==0.1.0 (from file:///home/runner/work/agent-harness/agent-harness)
Sync Beads and Validate	Install dependencies	2026-02-15T15:34:22.3350116Z  + aiosqlite==0.22.1
Sync Beads and Validate	Install dependencies	2026-02-15T15:34:22.3350455Z  + annotated-types==0.7.0
Sync Beads and Validate	Install dependencies	2026-02-15T15:34:22.3350784Z  + anyio==4.12.1
Sync Beads and Validate	Install dependencies	2026-02-15T15:34:22.3351070Z  + bandit==1.9.3
Sync Beads and Validate	Install dependencies	2026-02-15T15:34:22.3351347Z  + certifi==2026.1.4
Sync Beads and Validate	Install dependencies	2026-02-15T15:34:22.3351652Z  + cfgv==3.5.0
Sync Beads and Validate	Install dependencies	2026-02-15T15:34:22.3352128Z  + charset-normalizer==3.4.4
Sync Beads and Validate	Install dependencies	2026-02-15T15:34:22.3352480Z  + distlib==0.4.0
Sync Beads and Validate	Install dependencies	2026-02-15T15:34:22.3352782Z  + filelock==3.24.0
Sync Beads and Validate	Install dependencies	2026-02-15T15:34:22.3353092Z  + h11==0.16.0
Sync Beads and Validate	Install dependencies	2026-02-15T15:34:22.3353369Z  + httpcore==1.0.9
Sync Beads and Validate	Install dependencies	2026-02-15T15:34:22.3353659Z  + httpx==0.28.1
Sync Beads and Validate	Install dependencies	2026-02-15T15:34:22.3353933Z  + identify==2.6.16
Sync Beads and Validate	Install dependencies	2026-02-15T15:34:22.3354213Z  + idna==3.11
Sync Beads and Validate	Install dependencies	2026-02-15T15:34:22.3354494Z  + iniconfig==2.3.0
Sync Beads and Validate	Install dependencies	2026-02-15T15:34:22.3354790Z  + jsonpatch==1.33
Sync Beads and Validate	Install dependencies	2026-02-15T15:34:22.3355082Z  + jsonpointer==3.0.0
Sync Beads and Validate	Install dependencies	2026-02-15T15:34:22.3355418Z  + langchain-core==1.2.9
Sync Beads and Validate	Install dependencies	2026-02-15T15:34:22.3355743Z  + langgraph==1.0.8
Sync Beads and Validate	Install dependencies	2026-02-15T15:34:22.3356069Z  + langgraph-checkpoint==4.0.0
Sync Beads and Validate	Install dependencies	2026-02-15T15:34:22.3356490Z  + langgraph-checkpoint-sqlite==3.0.3
Sync Beads and Validate	Install dependencies	2026-02-15T15:34:22.3356922Z  + langgraph-prebuilt==1.0.7
Sync Beads and Validate	Install dependencies	2026-02-15T15:34:22.3357276Z  + langgraph-sdk==0.3.4
Sync Beads and Validate	Install dependencies	2026-02-15T15:34:22.3357600Z  + langsmith==0.6.9
Sync Beads and Validate	Install dependencies	2026-02-15T15:34:22.3357915Z  + markdown-it-py==4.0.0
Sync Beads and Validate	Install dependencies	2026-02-15T15:34:22.3358233Z  + mdurl==0.1.2
Sync Beads and Validate	Install dependencies	2026-02-15T15:34:22.3358512Z  + nodeenv==1.10.0
Sync Beads and Validate	Install dependencies	2026-02-15T15:34:22.3358787Z  + orjson==3.11.7
Sync Beads and Validate	Install dependencies	2026-02-15T15:34:22.3359078Z  + ormsgpack==1.12.2
Sync Beads and Validate	Install dependencies	2026-02-15T15:34:22.3359385Z  + packaging==26.0
Sync Beads and Validate	Install dependencies	2026-02-15T15:34:22.3359682Z  + platformdirs==4.9.1
Sync Beads and Validate	Install dependencies	2026-02-15T15:34:22.3359997Z  + pluggy==1.6.0
Sync Beads and Validate	Install dependencies	2026-02-15T15:34:22.3360288Z  + pre-commit==4.5.1
Sync Beads and Validate	Install dependencies	2026-02-15T15:34:22.3360577Z  + pydantic==2.12.5
Sync Beads and Validate	Install dependencies	2026-02-15T15:34:22.3360886Z  + pydantic-core==2.41.5
Sync Beads and Validate	Install dependencies	2026-02-15T15:34:22.3361203Z  + pygments==2.19.2
Sync Beads and Validate	Install dependencies	2026-02-15T15:34:22.3361478Z  + pytest==9.0.2
Sync Beads and Validate	Install dependencies	2026-02-15T15:34:22.3361897Z  + pytest-asyncio==1.3.0
Sync Beads and Validate	Install dependencies	2026-02-15T15:34:22.3362224Z  + pyyaml==6.0.3
Sync Beads and Validate	Install dependencies	2026-02-15T15:34:22.3362512Z  + requests==2.32.5
Sync Beads and Validate	Install dependencies	2026-02-15T15:34:22.3363044Z  + requests-toolbelt==1.0.0
Sync Beads and Validate	Install dependencies	2026-02-15T15:34:22.3363381Z  + rich==14.3.2
Sync Beads and Validate	Install dependencies	2026-02-15T15:34:22.3363645Z  + ruff==0.15.0
Sync Beads and Validate	Install dependencies	2026-02-15T15:34:22.3363934Z  + sqlite-vec==0.1.6
Sync Beads and Validate	Install dependencies	2026-02-15T15:34:22.3364210Z  + stevedore==5.6.0
Sync Beads and Validate	Install dependencies	2026-02-15T15:34:22.3364458Z  + tenacity==9.1.3
Sync Beads and Validate	Install dependencies	2026-02-15T15:34:22.3364739Z  + typing-extensions==4.15.0
Sync Beads and Validate	Install dependencies	2026-02-15T15:34:22.3365107Z  + typing-inspection==0.4.2
Sync Beads and Validate	Install dependencies	2026-02-15T15:34:22.3365491Z  + urllib3==2.6.3
Sync Beads and Validate	Install dependencies	2026-02-15T15:34:22.3365886Z  + uuid-utils==0.14.0
Sync Beads and Validate	Install dependencies	2026-02-15T15:34:22.3366367Z  + virtualenv==20.36.1
Sync Beads and Validate	Install dependencies	2026-02-15T15:34:22.3366646Z  + xxhash==3.6.0
Sync Beads and Validate	Install dependencies	2026-02-15T15:34:22.3366923Z  + zstandard==0.25.0
Sync Beads and Validate	Install dependencies	2026-02-15T15:34:22.3503523Z Audited 1 package in 1ms
Sync Beads and Validate	Install Beads	ï»¿2026-02-15T15:34:22.3546706Z ##[group]Run curl -fsSL https://raw.githubusercontent.com/steveyegge/beads/v${BEADS_VERSION}/scripts/install.sh | bash
Sync Beads and Validate	Install Beads	2026-02-15T15:34:22.3547523Z [36;1mcurl -fsSL https://raw.githubusercontent.com/steveyegge/beads/v${BEADS_VERSION}/scripts/install.sh | bash[0m
Sync Beads and Validate	Install Beads	2026-02-15T15:34:22.3548019Z [36;1mecho "$HOME/.local/bin" >> $GITHUB_PATH[0m
Sync Beads and Validate	Install Beads	2026-02-15T15:34:22.3548326Z [36;1mexport PATH="$HOME/.local/bin:$PATH"[0m
Sync Beads and Validate	Install Beads	2026-02-15T15:34:22.3548584Z [36;1mbd --version[0m
Sync Beads and Validate	Install Beads	2026-02-15T15:34:22.3576764Z shell: /usr/bin/bash -e {0}
Sync Beads and Validate	Install Beads	2026-02-15T15:34:22.3577016Z env:
Sync Beads and Validate	Install Beads	2026-02-15T15:34:22.3577216Z   UV_PYTHON: 3.11
Sync Beads and Validate	Install Beads	2026-02-15T15:34:22.3577548Z   VIRTUAL_ENV: /home/runner/work/agent-harness/agent-harness/.venv
Sync Beads and Validate	Install Beads	2026-02-15T15:34:22.3577949Z   UV_CACHE_DIR: /home/runner/work/_temp/setup-uv-cache
Sync Beads and Validate	Install Beads	2026-02-15T15:34:22.3578212Z   BEADS_VERSION: 0.47.1
Sync Beads and Validate	Install Beads	2026-02-15T15:34:22.3578402Z ##[endgroup]
Sync Beads and Validate	Install Beads	2026-02-15T15:34:22.4947045Z 
Sync Beads and Validate	Install Beads	2026-02-15T15:34:22.4947763Z ðŸ”— Beads (bd) Installer
Sync Beads and Validate	Install Beads	2026-02-15T15:34:22.4948013Z 
Sync Beads and Validate	Install Beads	2026-02-15T15:34:22.4948327Z [0;34m==>[0m Detecting platform...
Sync Beads and Validate	Install Beads	2026-02-15T15:34:22.4975664Z [0;34m==>[0m Platform: linux_amd64
Sync Beads and Validate	Install Beads	2026-02-15T15:34:22.4976938Z [0;34m==>[0m Installing bd from GitHub releases...
Sync Beads and Validate	Install Beads	2026-02-15T15:34:22.4990205Z [0;34m==>[0m Fetching latest release...
Sync Beads and Validate	Install Beads	2026-02-15T15:34:22.7534007Z [0;34m==>[0m Latest version: v0.50.3
Sync Beads and Validate	Install Beads	2026-02-15T15:34:22.7561472Z [0;34m==>[0m Downloading beads_0.50.3_linux_amd64.tar.gz...
Sync Beads and Validate	Install Beads	2026-02-15T15:34:23.1930147Z [0;34m==>[0m Extracting archive...
Sync Beads and Validate	Install Beads	2026-02-15T15:34:23.4062262Z [0;34m==>[0m Installing to /usr/local/bin...
Sync Beads and Validate	Install Beads	2026-02-15T15:34:23.4086906Z [0;32m==>[0m bd installed to /usr/local/bin/bd
Sync Beads and Validate	Install Beads	2026-02-15T15:34:23.4135326Z [0;32m==>[0m bd is installed and ready!
Sync Beads and Validate	Install Beads	2026-02-15T15:34:23.4135552Z 
Sync Beads and Validate	Install Beads	2026-02-15T15:34:23.4325535Z bd version 0.50.3 (bd25acbc: HEAD@bd25acbcb1e7)
Sync Beads and Validate	Install Beads	2026-02-15T15:34:23.4337759Z 
Sync Beads and Validate	Install Beads	2026-02-15T15:34:23.4338103Z Get started:
Sync Beads and Validate	Install Beads	2026-02-15T15:34:23.4338410Z   cd your-project
Sync Beads and Validate	Install Beads	2026-02-15T15:34:23.4338643Z   bd init
Sync Beads and Validate	Install Beads	2026-02-15T15:34:23.4338833Z   bd quickstart
Sync Beads and Validate	Install Beads	2026-02-15T15:34:23.4339001Z 
Sync Beads and Validate	Install Beads	2026-02-15T15:34:23.4523847Z bd version 0.50.3 (bd25acbc)
Sync Beads and Validate	Sync Beads	ï»¿2026-02-15T15:34:23.4552187Z ##[group]Run export PATH="$HOME/.local/bin:$PATH"
Sync Beads and Validate	Sync Beads	2026-02-15T15:34:23.4552536Z [36;1mexport PATH="$HOME/.local/bin:$PATH"[0m
Sync Beads and Validate	Sync Beads	2026-02-15T15:34:23.4552830Z [36;1mif [ ! -f ".beads/beads.db" ]; then[0m
Sync Beads and Validate	Sync Beads	2026-02-15T15:34:23.4553109Z [36;1m  bd init --quiet --prefix agent[0m
Sync Beads and Validate	Sync Beads	2026-02-15T15:34:23.4553338Z [36;1mfi[0m
Sync Beads and Validate	Sync Beads	2026-02-15T15:34:23.4553548Z [36;1mgit fetch origin beads-metadata || true[0m
Sync Beads and Validate	Sync Beads	2026-02-15T15:34:23.4553794Z [36;1mbd sync[0m
Sync Beads and Validate	Sync Beads	2026-02-15T15:34:23.4580318Z shell: /usr/bin/bash -e {0}
Sync Beads and Validate	Sync Beads	2026-02-15T15:34:23.4580562Z env:
Sync Beads and Validate	Sync Beads	2026-02-15T15:34:23.4580725Z   UV_PYTHON: 3.11
Sync Beads and Validate	Sync Beads	2026-02-15T15:34:23.4581006Z   VIRTUAL_ENV: /home/runner/work/agent-harness/agent-harness/.venv
Sync Beads and Validate	Sync Beads	2026-02-15T15:34:23.4581365Z   UV_CACHE_DIR: /home/runner/work/_temp/setup-uv-cache
Sync Beads and Validate	Sync Beads	2026-02-15T15:34:23.4581634Z ##[endgroup]
Sync Beads and Validate	Sync Beads	2026-02-15T15:34:23.7943351Z From https://github.com/marcdhansen/agent-harness
Sync Beads and Validate	Sync Beads	2026-02-15T15:34:23.7945944Z  * branch            beads-metadata -> FETCH_HEAD
Sync Beads and Validate	Sync Beads	2026-02-15T15:34:23.8226626Z Note: bd v0.50+ defaults to Dolt. Run 'bd migrate --to-dolt' to upgrade your database.
Sync Beads and Validate	Sync Beads	2026-02-15T15:34:23.8227499Z       Your SQLite data will be fully preserved. Run 'bd doctor' for details.
Sync Beads and Validate	Sync Beads	2026-02-15T15:34:23.8228372Z Error: no beads database found
Sync Beads and Validate	Sync Beads	2026-02-15T15:34:23.8228592Z 
Sync Beads and Validate	Sync Beads	2026-02-15T15:34:23.8228818Z Found JSONL file: /home/runner/work/agent-harness/agent-harness/.beads/issues.jsonl
Sync Beads and Validate	Sync Beads	2026-02-15T15:34:23.8229236Z This looks like a fresh clone or JSONL-only project.
Sync Beads and Validate	Sync Beads	2026-02-15T15:34:23.8229441Z 
Sync Beads and Validate	Sync Beads	2026-02-15T15:34:23.8229513Z Options:
Sync Beads and Validate	Sync Beads	2026-02-15T15:34:23.8229913Z   â€¢ Run 'bd init' to create database and import issues
Sync Beads and Validate	Sync Beads	2026-02-15T15:34:23.8230392Z   â€¢ Use 'bd --no-db sync' for JSONL-only mode
Sync Beads and Validate	Sync Beads	2026-02-15T15:34:23.8230968Z   â€¢ Add 'no-db: true' to .beads/config.yaml for permanent JSONL-only mode
Sync Beads and Validate	Sync Beads	2026-02-15T15:34:23.8247909Z ##[error]Process completed with exit code 1.
Sync Beads and Validate	Commit and push beads updates	ï»¿2026-02-15T15:34:23.8326701Z ##[group]Run export PATH="$HOME/.local/bin:$PATH"
Sync Beads and Validate	Commit and push beads updates	2026-02-15T15:34:23.8327081Z [36;1mexport PATH="$HOME/.local/bin:$PATH"[0m
Sync Beads and Validate	Commit and push beads updates	2026-02-15T15:34:23.8327413Z [36;1mif [ -n "$(git status --porcelain .beads/)" ]; then[0m
Sync Beads and Validate	Commit and push beads updates	2026-02-15T15:34:23.8327702Z [36;1m  # Save current beads state[0m
Sync Beads and Validate	Commit and push beads updates	2026-02-15T15:34:23.8327946Z [36;1m  mkdir -p /tmp/beads_backup[0m
Sync Beads and Validate	Commit and push beads updates	2026-02-15T15:34:23.8328246Z [36;1m  cp -r .beads/* /tmp/beads_backup/ 2>/dev/null || true[0m
Sync Beads and Validate	Commit and push beads updates	2026-02-15T15:34:23.8328584Z [36;1m  cp .beads/.* /tmp/beads_backup/ 2>/dev/null || true[0m
Sync Beads and Validate	Commit and push beads updates	2026-02-15T15:34:23.8328842Z [36;1m  [0m
Sync Beads and Validate	Commit and push beads updates	2026-02-15T15:34:23.8329057Z [36;1m  git config user.name "github-actions[bot]"[0m
Sync Beads and Validate	Commit and push beads updates	2026-02-15T15:34:23.8329436Z [36;1m  git config user.email "github-actions[bot]@users.noreply.github.com"[0m
Sync Beads and Validate	Commit and push beads updates	2026-02-15T15:34:23.8329766Z [36;1m  [0m
Sync Beads and Validate	Commit and push beads updates	2026-02-15T15:34:23.8329984Z [36;1m  git fetch origin $BEADS_METADATA_BRANCH || true[0m
Sync Beads and Validate	Commit and push beads updates	2026-02-15T15:34:23.8330389Z [36;1m  if git show-ref --verify --quiet refs/remotes/origin/$BEADS_METADATA_BRANCH; then[0m
Sync Beads and Validate	Commit and push beads updates	2026-02-15T15:34:23.8330825Z [36;1m    git checkout $BEADS_METADATA_BRANCH[0m
Sync Beads and Validate	Commit and push beads updates	2026-02-15T15:34:23.8331108Z [36;1m    git pull origin $BEADS_METADATA_BRANCH[0m
Sync Beads and Validate	Commit and push beads updates	2026-02-15T15:34:23.8331351Z [36;1m  else[0m
Sync Beads and Validate	Commit and push beads updates	2026-02-15T15:34:23.8331560Z [36;1m    git checkout -b $BEADS_METADATA_BRANCH[0m
Sync Beads and Validate	Commit and push beads updates	2026-02-15T15:34:23.8332008Z [36;1m  fi[0m
Sync Beads and Validate	Commit and push beads updates	2026-02-15T15:34:23.8332220Z [36;1m  [0m
Sync Beads and Validate	Commit and push beads updates	2026-02-15T15:34:23.8332536Z [36;1m  # Restore saved beads state and clean up untracked artifacts that cause conflicts[0m
Sync Beads and Validate	Commit and push beads updates	2026-02-15T15:34:23.8332991Z [36;1m  rm -f .beads/beads.db .beads/beads.db-shm .beads/beads.db-wal[0m
Sync Beads and Validate	Commit and push beads updates	2026-02-15T15:34:23.8333366Z [36;1m  cp -r /tmp/beads_backup/* .beads/ 2>/dev/null || true[0m
Sync Beads and Validate	Commit and push beads updates	2026-02-15T15:34:23.8333699Z [36;1m  cp /tmp/beads_backup/.* .beads/ 2>/dev/null || true[0m
Sync Beads and Validate	Commit and push beads updates	2026-02-15T15:34:23.8333967Z [36;1m  [0m
Sync Beads and Validate	Commit and push beads updates	2026-02-15T15:34:23.8334139Z [36;1m  git add .beads/[0m
Sync Beads and Validate	Commit and push beads updates	2026-02-15T15:34:23.8334439Z [36;1m  if git commit -m "beads: auto-sync from post-merge CI [skip ci]"; then[0m
Sync Beads and Validate	Commit and push beads updates	2026-02-15T15:34:23.8334813Z [36;1m    git push origin $BEADS_METADATA_BRANCH[0m
Sync Beads and Validate	Commit and push beads updates	2026-02-15T15:34:23.8335055Z [36;1m  else[0m
Sync Beads and Validate	Commit and push beads updates	2026-02-15T15:34:23.8335294Z [36;1m    echo "No changes to commit in .beads after restore."[0m
Sync Beads and Validate	Commit and push beads updates	2026-02-15T15:34:23.8335567Z [36;1m  fi[0m
Sync Beads and Validate	Commit and push beads updates	2026-02-15T15:34:23.8335725Z [36;1mfi[0m
Sync Beads and Validate	Commit and push beads updates	2026-02-15T15:34:23.8362437Z shell: /usr/bin/bash -e {0}
Sync Beads and Validate	Commit and push beads updates	2026-02-15T15:34:23.8362680Z env:
Sync Beads and Validate	Commit and push beads updates	2026-02-15T15:34:23.8362843Z   UV_PYTHON: 3.11
Sync Beads and Validate	Commit and push beads updates	2026-02-15T15:34:23.8363118Z   VIRTUAL_ENV: /home/runner/work/agent-harness/agent-harness/.venv
Sync Beads and Validate	Commit and push beads updates	2026-02-15T15:34:23.8363477Z   UV_CACHE_DIR: /home/runner/work/_temp/setup-uv-cache
Sync Beads and Validate	Commit and push beads updates	2026-02-15T15:34:23.8363770Z   BEADS_METADATA_BRANCH: beads-metadata
Sync Beads and Validate	Commit and push beads updates	2026-02-15T15:34:23.8363997Z ##[endgroup]
Sync Beads and Validate	Commit and push beads updates	2026-02-15T15:34:24.1998939Z From https://github.com/marcdhansen/agent-harness
Sync Beads and Validate	Commit and push beads updates	2026-02-15T15:34:24.1999573Z  * branch            beads-metadata -> FETCH_HEAD
Sync Beads and Validate	Commit and push beads updates	2026-02-15T15:34:24.2069228Z error: The following untracked working tree files would be overwritten by checkout:
Sync Beads and Validate	Commit and push beads updates	2026-02-15T15:34:24.2069720Z 	.beads/.migration-hint-ts
Sync Beads and Validate	Commit and push beads updates	2026-02-15T15:34:24.2070001Z Please move or remove them before you switch branches.
Sync Beads and Validate	Commit and push beads updates	2026-02-15T15:34:24.2070420Z Aborting
Sync Beads and Validate	Commit and push beads updates	2026-02-15T15:34:24.2075445Z ##[error]Process completed with exit code 1.
Sync Beads and Validate	Post Checkout code	ï»¿2026-02-15T15:34:24.2163617Z Post job cleanup.
Sync Beads and Validate	Post Checkout code	2026-02-15T15:34:24.3025624Z [command]/usr/bin/git version
Sync Beads and Validate	Post Checkout code	2026-02-15T15:34:24.3058919Z git version 2.52.0
Sync Beads and Validate	Post Checkout code	2026-02-15T15:34:24.3096807Z Temporarily overriding HOME='/home/runner/work/_temp/76c08648-3bdc-4f37-87f8-b44a0f44abd1' before making global git config changes
Sync Beads and Validate	Post Checkout code	2026-02-15T15:34:24.3098202Z Adding repository directory to the temporary git global config as a safe directory
Sync Beads and Validate	Post Checkout code	2026-02-15T15:34:24.3109442Z [command]/usr/bin/git config --global --add safe.directory /home/runner/work/agent-harness/agent-harness
Sync Beads and Validate	Post Checkout code	2026-02-15T15:34:24.3139375Z [command]/usr/bin/git config --local --name-only --get-regexp core\.sshCommand
Sync Beads and Validate	Post Checkout code	2026-02-15T15:34:24.3166769Z [command]/usr/bin/git submodule foreach --recursive sh -c "git config --local --name-only --get-regexp 'core\.sshCommand' && git config --local --unset-all 'core.sshCommand' || :"
Sync Beads and Validate	Post Checkout code	2026-02-15T15:34:24.3349113Z [command]/usr/bin/git config --local --name-only --get-regexp http\.https\:\/\/github\.com\/\.extraheader
Sync Beads and Validate	Post Checkout code	2026-02-15T15:34:24.3366373Z http.https://github.com/.extraheader
Sync Beads and Validate	Post Checkout code	2026-02-15T15:34:24.3376739Z [command]/usr/bin/git config --local --unset-all http.https://github.com/.extraheader
Sync Beads and Validate	Post Checkout code	2026-02-15T15:34:24.3402652Z [command]/usr/bin/git submodule foreach --recursive sh -c "git config --local --name-only --get-regexp 'http\.https\:\/\/github\.com\/\.extraheader' && git config --local --unset-all 'http.https://github.com/.extraheader' || :"
Sync Beads and Validate	Post Checkout code	2026-02-15T15:34:24.3582513Z [command]/usr/bin/git config --local --name-only --get-regexp ^includeIf\.gitdir:
Sync Beads and Validate	Post Checkout code	2026-02-15T15:34:24.3609731Z [command]/usr/bin/git submodule foreach --recursive git config --local --show-origin --name-only --get-regexp remote.origin.url
Sync Beads and Validate	Complete job	ï»¿2026-02-15T15:34:24.3875314Z Cleaning up orphan processes
